Attempting to factor: 81x^4 - 256
factor: 3x + 4
factor: -3x + 4
could not factor: -9x^2 - 16
