Attempting to factor: 24x^3 + 8x^2 - 6x - 2
factor: 2x + 1
factor: -2x + 1
factor: -6x - 2
