Attempting to factor: 15x^5 - 83x^4 - 271x^3 + 1419x^2 + 760x - 400
factor: x + 4
factor: -x + 5
factor: -x + 5
factor: -3x + 1
factor: -5x - 4
