Attempting to factor: x^4 - 4x^3 + 8x
factor: x
factor: -x + 2
could not factor: -x^2 + 2x + 4
