Attempting to factor: x^3 - 1
factor: -x + 1
could not factor: -x^2 - x - 1
