Attempting to factor: x^4 + 2x^2 + 1
could not factor: x^4 + 2x^2 + 1
